// Jest Snapshot v1, https://goo.gl/fbAQLP

exports[`<GroupedPhoneLogsSection  /> should match snapshot 1`] = `
<p>
  foo
</p>
`;
